Release 14.7 - xst P.20131013 (nt64)
Copyright (c) 1995-2013 Xilinx, Inc.  All rights reserved.
--> Parameter TMPDIR set to xst/projnav.tmp


Total REAL time to Xst completion: 0.00 secs
Total CPU time to Xst completion: 0.11 secs
 
--> Parameter xsthdpdir set to xst


Total REAL time to Xst completion: 0.00 secs
Total CPU time to Xst completion: 0.11 secs
 
--> Reading design: elbertNotGate.prj

TABLE OF CONTENTS
  1) Synthesis Options Summary
  2) HDL Compilation
  3) Design Hierarchy Analysis
  4) HDL Analysis
  5) HDL Synthesis
     5.1) HDL Synthesis Report
  6) Advanced HDL Synthesis
     6.1) Advanced HDL Synthesis Report
  7) Low Level Synthesis
  8) Partition Report
  9) Final Report
	9.1) Device utilization summary
	9.2) Partition Resource Summary
	9.3) TIMING REPORT


=========================================================================
*                      Synthesis Options Summary                        *
=========================================================================
---- Source Parameters
Input File Name                    : "elbertNotGate.prj"
Input Format                       : mixed
Ignore Synthesis Constraint File   : NO

---- Target Parameters
Output File Name                   : "elbertNotGate"
Output Format                      : NGC
Target Device                      : xc3s50a-4-tq144

---- Source Options
Top Module Name                    : elbertNotGate
Automatic FSM Extraction           : YES
FSM Encoding Algorithm             : Auto
Safe Implementation                : No
FSM Style                          : LUT
RAM Extraction                     : Yes
RAM Style                          : Auto
ROM Extraction                     : Yes
Mux Style                          : Auto
Decoder Extraction                 : YES
Priority Encoder Extraction        : Yes
Shift Register Extraction          : YES
Logical Shifter Extraction         : YES
XOR Collapsing                     : YES
ROM Style                          : Auto
Mux Extraction                     : Yes
Resource Sharing                   : YES
Asynchronous To Synchronous        : NO
Multiplier Style                   : Auto
Automatic Register Balancing       : No

---- Target Options
Add IO Buffers                     : YES
Global Maximum Fanout              : 100000
Add Generic Clock Buffer(BUFG)     : 24
Register Duplication               : YES
Slice Packing                      : YES
Optimize Instantiated Primitives   : NO
Use Clock Enable                   : Yes
Use Synchronous Set                : Yes
Use Synchronous Reset              : Yes
Pack IO Registers into IOBs        : Auto
Equivalent register Removal        : YES

---- General Options
Optimization Goal                  : Speed
Optimization Effort                : 1
Keep Hierarchy                     : No
Netlist Hierarchy                  : As_Optimized
RTL Output                         : Yes
Global Optimization                : AllClockNets
Read Cores                         : YES
Write Timing Constraints           : NO
Cross Clock Analysis               : NO
Hierarchy Separator                : /
Bus Delimiter                      : <>
Case Specifier                     : Maintain
Slice Utilization Ratio            : 100
BRAM Utilization Ratio             : 100
Verilog 2001                       : YES
Auto BRAM Packing                  : NO
Slice Utilization Ratio Delta      : 5

=========================================================================


=========================================================================
*                          HDL Compilation                              *
=========================================================================
Compiling verilog file "SignedMultiplier_16bit.v" in library work
Compiling verilog file "SignedFixedPointMultiplier.v" in library work
Module <SignedMultiplier_16bit> compiled
Compiling verilog file "elbertNotGate.v" in library work
Module <SignedFixedPointMultiplier> compiled
Module <elbertNotGate> compiled
No errors in compilation
Analysis of file <"elbertNotGate.prj"> succeeded.
 

=========================================================================
*                     Design Hierarchy Analysis                         *
=========================================================================
Analyzing hierarchy for module <elbertNotGate> in library <work>.

Analyzing hierarchy for module <SignedMultiplier_16bit> in library <work>.

Analyzing hierarchy for module <SignedFixedPointMultiplier> in library <work>.


=========================================================================
*                            HDL Analysis                               *
=========================================================================
Analyzing top module <elbertNotGate>.
Module <elbertNotGate> is correct for synthesis.
 
Analyzing module <SignedMultiplier_16bit> in library <work>.
Module <SignedMultiplier_16bit> is correct for synthesis.
 
Analyzing module <SignedFixedPointMultiplier> in library <work>.
Module <SignedFixedPointMultiplier> is correct for synthesis.
 

=========================================================================
*                           HDL Synthesis                               *
=========================================================================

Performing bidirectional port resolution...

Synthesizing Unit <SignedMultiplier_16bit>.
    Related source file is "SignedMultiplier_16bit.v".
    Found 32-bit register for signal <result>.
    Found 16-bit register for signal <dataa_reg>.
    Found 16-bit register for signal <datab_reg>.
    Found 32-bit register for signal <mult0_result>.
    Found 16x16-bit multiplier for signal <mult0_result$mult0000> created at line 23.
    Summary:
	inferred  96 D-type flip-flop(s).
	inferred   1 Multiplier(s).
Unit <SignedMultiplier_16bit> synthesized.


Synthesizing Unit <SignedFixedPointMultiplier>.
    Related source file is "SignedFixedPointMultiplier.v".
    Found 16-bit register for signal <result1>.
    Found 16-bit register for signal <result2>.
    Found 16-bit register for signal <dataa_reg>.
    Found 16-bit register for signal <datab_reg>.
    Found 32-bit register for signal <mult0_result>.
    Found 16x16-bit multiplier for signal <mult0_result$mult0000> created at line 38.
    Summary:
	inferred  96 D-type flip-flop(s).
	inferred   1 Multiplier(s).
Unit <SignedFixedPointMultiplier> synthesized.


Synthesizing Unit <elbertNotGate>.
    Related source file is "elbertNotGate.v".
WARNING:Xst:653 - Signal <E_val> is used but never assigned. This sourceless signal will be automatically connected to value 0000000000000111.
    Found 1-bit register for signal <B>.
    Found 16-bit register for signal <E>.
    Found 4-bit up counter for signal <c>.
    Summary:
	inferred   1 Counter(s).
	inferred  17 D-type flip-flop(s).
	inferred   1 Adder/Subtractor(s).
Unit <elbertNotGate> synthesized.


=========================================================================
HDL Synthesis Report

Macro Statistics
# Multipliers                                          : 2
 16x16-bit multiplier                                  : 2
# Adders/Subtractors                                   : 1
 4-bit adder                                           : 1
# Counters                                             : 1
 4-bit up counter                                      : 1
# Registers                                            : 11
 1-bit register                                        : 1
 16-bit register                                       : 7
 32-bit register                                       : 3

=========================================================================

=========================================================================
*                       Advanced HDL Synthesis                          *
=========================================================================

INFO:Xst:2261 - The FF/Latch <dataa_reg_0> in Unit <a1> is equivalent to the following 13 FFs/Latches, which will be removed : <datab_reg_3> <datab_reg_4> <datab_reg_5> <datab_reg_6> <datab_reg_7> <datab_reg_8> <datab_reg_9> <datab_reg_10> <datab_reg_11> <datab_reg_12> <datab_reg_13> <datab_reg_14> <datab_reg_15> 
INFO:Xst:2261 - The FF/Latch <dataa_reg_1> in Unit <a1> is equivalent to the following 17 FFs/Latches, which will be removed : <dataa_reg_2> <dataa_reg_3> <dataa_reg_4> <dataa_reg_5> <dataa_reg_6> <dataa_reg_7> <dataa_reg_8> <dataa_reg_9> <dataa_reg_10> <dataa_reg_11> <dataa_reg_12> <dataa_reg_13> <dataa_reg_14> <dataa_reg_15> <datab_reg_0> <datab_reg_1> <datab_reg_2> 
INFO:Xst:2261 - The FF/Latch <dataa_reg_0> in Unit <b1> is equivalent to the following 19 FFs/Latches, which will be removed : <dataa_reg_1> <dataa_reg_2> <dataa_reg_3> <dataa_reg_4> <dataa_reg_5> <dataa_reg_6> <dataa_reg_8> <datab_reg_0> <datab_reg_1> <datab_reg_2> <datab_reg_3> <datab_reg_4> <datab_reg_5> <datab_reg_7> <datab_reg_11> <datab_reg_12> <datab_reg_13> <datab_reg_14> <datab_reg_15> 
INFO:Xst:2261 - The FF/Latch <dataa_reg_7> in Unit <b1> is equivalent to the following 11 FFs/Latches, which will be removed : <dataa_reg_9> <dataa_reg_10> <dataa_reg_11> <dataa_reg_12> <dataa_reg_13> <dataa_reg_14> <dataa_reg_15> <datab_reg_6> <datab_reg_8> <datab_reg_9> <datab_reg_10> 
WARNING:Xst:1710 - FF/Latch <dataa_reg_0> (without init value) has a constant value of 0 in block <a1>. This FF/Latch will be trimmed during the optimization process.
WARNING:Xst:1710 - FF/Latch <dataa_reg_1> (without init value) has a constant value of 1 in block <a1>. This FF/Latch will be trimmed during the optimization process.
WARNING:Xst:1710 - FF/Latch <dataa_reg_0> (without init value) has a constant value of 0 in block <b1>. This FF/Latch will be trimmed during the optimization process.
WARNING:Xst:1710 - FF/Latch <dataa_reg_7> (without init value) has a constant value of 1 in block <b1>. This FF/Latch will be trimmed during the optimization process.
WARNING:Xst:1896 - Due to other FF/Latch trimming, FF/Latch <E_15> has a constant value of 0 in block <elbertNotGate>. This FF/Latch will be trimmed during the optimization process.
WARNING:Xst:1896 - Due to other FF/Latch trimming, FF/Latch <E_14> has a constant value of 0 in block <elbertNotGate>. This FF/Latch will be trimmed during the optimization process.
WARNING:Xst:1896 - Due to other FF/Latch trimming, FF/Latch <E_13> has a constant value of 0 in block <elbertNotGate>. This FF/Latch will be trimmed during the optimization process.
WARNING:Xst:1896 - Due to other FF/Latch trimming, FF/Latch <E_12> has a constant value of 0 in block <elbertNotGate>. This FF/Latch will be trimmed during the optimization process.
WARNING:Xst:1896 - Due to other FF/Latch trimming, FF/Latch <E_11> has a constant value of 0 in block <elbertNotGate>. This FF/Latch will be trimmed during the optimization process.
WARNING:Xst:1896 - Due to other FF/Latch trimming, FF/Latch <E_10> has a constant value of 0 in block <elbertNotGate>. This FF/Latch will be trimmed during the optimization process.
WARNING:Xst:1896 - Due to other FF/Latch trimming, FF/Latch <E_9> has a constant value of 0 in block <elbertNotGate>. This FF/Latch will be trimmed during the optimization process.
WARNING:Xst:1896 - Due to other FF/Latch trimming, FF/Latch <E_8> has a constant value of 0 in block <elbertNotGate>. This FF/Latch will be trimmed during the optimization process.
WARNING:Xst:1896 - Due to other FF/Latch trimming, FF/Latch <E_7> has a constant value of 0 in block <elbertNotGate>. This FF/Latch will be trimmed during the optimization process.
WARNING:Xst:1896 - Due to other FF/Latch trimming, FF/Latch <E_6> has a constant value of 0 in block <elbertNotGate>. This FF/Latch will be trimmed during the optimization process.
WARNING:Xst:1896 - Due to other FF/Latch trimming, FF/Latch <E_5> has a constant value of 0 in block <elbertNotGate>. This FF/Latch will be trimmed during the optimization process.
WARNING:Xst:1896 - Due to other FF/Latch trimming, FF/Latch <E_4> has a constant value of 0 in block <elbertNotGate>. This FF/Latch will be trimmed during the optimization process.
WARNING:Xst:1896 - Due to other FF/Latch trimming, FF/Latch <E_3> has a constant value of 0 in block <elbertNotGate>. This FF/Latch will be trimmed during the optimization process.
WARNING:Xst:2404 -  FFs/Latches <datab_reg<15:3>> (without init value) have a constant value of 0 in block <SignedMultiplier_16bit>.
WARNING:Xst:2404 -  FFs/Latches <datab_reg<15:11>> (without init value) have a constant value of 0 in block <SignedFixedPointMultiplier>.

Synthesizing (advanced) Unit <SignedFixedPointMultiplier>.
	Found pipelined multiplier on signal <mult0_result_mult0000>:
		- 1 pipeline level(s) found in a register connected to the multiplier macro output.
		Pushing register(s) into the multiplier macro.

		- 1 pipeline level(s) found in a register on signal <dataa_reg>.
		Pushing register(s) into the multiplier macro.

		- 1 pipeline level(s) found in a register on signal <datab_reg>.
		Pushing register(s) into the multiplier macro.
Unit <SignedFixedPointMultiplier> synthesized (advanced).

Synthesizing (advanced) Unit <SignedMultiplier_16bit>.
	Found pipelined multiplier on signal <mult0_result_mult0000>:
		- 1 pipeline level(s) found in a register connected to the multiplier macro output.
		Pushing register(s) into the multiplier macro.

		- 1 pipeline level(s) found in a register on signal <dataa_reg>.
		Pushing register(s) into the multiplier macro.

		- 1 pipeline level(s) found in a register on signal <datab_reg>.
		Pushing register(s) into the multiplier macro.
Unit <SignedMultiplier_16bit> synthesized (advanced).

=========================================================================
Advanced HDL Synthesis Report

Macro Statistics
# Multipliers                                          : 2
 16x12-bit registered multiplier                       : 1
 16x4-bit registered multiplier                        : 1
# Adders/Subtractors                                   : 1
 4-bit adder                                           : 1
# Counters                                             : 1
 4-bit up counter                                      : 1
# Registers                                            : 81
 Flip-Flops                                            : 81

=========================================================================

=========================================================================
*                         Low Level Synthesis                           *
=========================================================================
WARNING:Xst:1293 - FF/Latch <E_3> has a constant value of 0 in block <elbertNotGate>. This FF/Latch will be trimmed during the optimization process.
WARNING:Xst:1896 - Due to other FF/Latch trimming, FF/Latch <E_4> has a constant value of 0 in block <elbertNotGate>. This FF/Latch will be trimmed during the optimization process.
WARNING:Xst:1896 - Due to other FF/Latch trimming, FF/Latch <E_5> has a constant value of 0 in block <elbertNotGate>. This FF/Latch will be trimmed during the optimization process.
WARNING:Xst:1896 - Due to other FF/Latch trimming, FF/Latch <E_6> has a constant value of 0 in block <elbertNotGate>. This FF/Latch will be trimmed during the optimization process.
WARNING:Xst:1896 - Due to other FF/Latch trimming, FF/Latch <E_7> has a constant value of 0 in block <elbertNotGate>. This FF/Latch will be trimmed during the optimization process.
WARNING:Xst:1896 - Due to other FF/Latch trimming, FF/Latch <E_8> has a constant value of 0 in block <elbertNotGate>. This FF/Latch will be trimmed during the optimization process.
WARNING:Xst:1896 - Due to other FF/Latch trimming, FF/Latch <E_9> has a constant value of 0 in block <elbertNotGate>. This FF/Latch will be trimmed during the optimization process.
WARNING:Xst:1896 - Due to other FF/Latch trimming, FF/Latch <E_10> has a constant value of 0 in block <elbertNotGate>. This FF/Latch will be trimmed during the optimization process.
WARNING:Xst:1896 - Due to other FF/Latch trimming, FF/Latch <E_11> has a constant value of 0 in block <elbertNotGate>. This FF/Latch will be trimmed during the optimization process.
WARNING:Xst:1896 - Due to other FF/Latch trimming, FF/Latch <E_12> has a constant value of 0 in block <elbertNotGate>. This FF/Latch will be trimmed during the optimization process.
WARNING:Xst:1896 - Due to other FF/Latch trimming, FF/Latch <E_13> has a constant value of 0 in block <elbertNotGate>. This FF/Latch will be trimmed during the optimization process.
WARNING:Xst:1896 - Due to other FF/Latch trimming, FF/Latch <E_14> has a constant value of 0 in block <elbertNotGate>. This FF/Latch will be trimmed during the optimization process.
WARNING:Xst:1896 - Due to other FF/Latch trimming, FF/Latch <E_15> has a constant value of 0 in block <elbertNotGate>. This FF/Latch will be trimmed during the optimization process.
INFO:Xst:2261 - The FF/Latch <result_19> in Unit <SignedMultiplier_16bit> is equivalent to the following 12 FFs/Latches, which will be removed : <result_20> <result_21> <result_22> <result_23> <result_24> <result_25> <result_26> <result_27> <result_28> <result_29> <result_30> <result_31> 
INFO:Xst:2261 - The FF/Latch <mult0_result1_27> in Unit <SignedFixedPointMultiplier> is equivalent to the following 4 FFs/Latches, which will be removed : <mult0_result1_28> <mult0_result1_29> <mult0_result1_30> <mult0_result1_31> 
INFO:Xst:2261 - The FF/Latch <E_0> in Unit <elbertNotGate> is equivalent to the following 2 FFs/Latches, which will be removed : <E_1> <E_2> 
WARNING:Xst:1710 - FF/Latch <a1/Mmult_mult0_result_mult00002_0> (without init value) has a constant value of 1 in block <elbertNotGate>. This FF/Latch will be trimmed during the optimization process.
WARNING:Xst:1895 - Due to other FF/Latch trimming, FF/Latch <a1/Mmult_mult0_result_mult00002_1> (without init value) has a constant value of 1 in block <elbertNotGate>. This FF/Latch will be trimmed during the optimization process.
WARNING:Xst:1895 - Due to other FF/Latch trimming, FF/Latch <a1/Mmult_mult0_result_mult00002_2> (without init value) has a constant value of 0 in block <elbertNotGate>. This FF/Latch will be trimmed during the optimization process.
WARNING:Xst:1895 - Due to other FF/Latch trimming, FF/Latch <a1/Mmult_mult0_result_mult00002_3> (without init value) has a constant value of 0 in block <elbertNotGate>. This FF/Latch will be trimmed during the optimization process.
WARNING:Xst:1895 - Due to other FF/Latch trimming, FF/Latch <a1/Mmult_mult0_result_mult00002_4> (without init value) has a constant value of 1 in block <elbertNotGate>. This FF/Latch will be trimmed during the optimization process.
WARNING:Xst:1895 - Due to other FF/Latch trimming, FF/Latch <a1/Mmult_mult0_result_mult00002_5> (without init value) has a constant value of 0 in block <elbertNotGate>. This FF/Latch will be trimmed during the optimization process.
WARNING:Xst:1895 - Due to other FF/Latch trimming, FF/Latch <a1/Mmult_mult0_result_mult00001_0> (without init value) has a constant value of 0 in block <elbertNotGate>. This FF/Latch will be trimmed during the optimization process.
WARNING:Xst:1895 - Due to other FF/Latch trimming, FF/Latch <a1/Mmult_mult0_result_mult00001_1> (without init value) has a constant value of 1 in block <elbertNotGate>. This FF/Latch will be trimmed during the optimization process.
WARNING:Xst:1895 - Due to other FF/Latch trimming, FF/Latch <a1/Mmult_mult0_result_mult0000_0> (without init value) has a constant value of 1 in block <elbertNotGate>. This FF/Latch will be trimmed during the optimization process.
WARNING:Xst:1895 - Due to other FF/Latch trimming, FF/Latch <a1/Mmult_mult0_result_mult0000_1> (without init value) has a constant value of 0 in block <elbertNotGate>. This FF/Latch will be trimmed during the optimization process.
WARNING:Xst:1895 - Due to other FF/Latch trimming, FF/Latch <a1/result_0> (without init value) has a constant value of 0 in block <elbertNotGate>. This FF/Latch will be trimmed during the optimization process.
WARNING:Xst:1895 - Due to other FF/Latch trimming, FF/Latch <a1/result_1> (without init value) has a constant value of 1 in block <elbertNotGate>. This FF/Latch will be trimmed during the optimization process.
WARNING:Xst:1895 - Due to other FF/Latch trimming, FF/Latch <a1/result_2> (without init value) has a constant value of 0 in block <elbertNotGate>. This FF/Latch will be trimmed during the optimization process.
WARNING:Xst:1895 - Due to other FF/Latch trimming, FF/Latch <a1/result_3> (without init value) has a constant value of 0 in block <elbertNotGate>. This FF/Latch will be trimmed during the optimization process.
WARNING:Xst:1895 - Due to other FF/Latch trimming, FF/Latch <a1/result_4> (without init value) has a constant value of 1 in block <elbertNotGate>. This FF/Latch will be trimmed during the optimization process.
WARNING:Xst:1895 - Due to other FF/Latch trimming, FF/Latch <a1/result_5> (without init value) has a constant value of 1 in block <elbertNotGate>. This FF/Latch will be trimmed during the optimization process.
WARNING:Xst:1895 - Due to other FF/Latch trimming, FF/Latch <a1/result_6> (without init value) has a constant value of 1 in block <elbertNotGate>. This FF/Latch will be trimmed during the optimization process.
WARNING:Xst:1895 - Due to other FF/Latch trimming, FF/Latch <a1/result_7> (without init value) has a constant value of 1 in block <elbertNotGate>. This FF/Latch will be trimmed during the optimization process.
WARNING:Xst:1895 - Due to other FF/Latch trimming, FF/Latch <a1/result_8> (without init value) has a constant value of 1 in block <elbertNotGate>. This FF/Latch will be trimmed during the optimization process.
WARNING:Xst:1895 - Due to other FF/Latch trimming, FF/Latch <a1/result_9> (without init value) has a constant value of 1 in block <elbertNotGate>. This FF/Latch will be trimmed during the optimization process.
WARNING:Xst:1895 - Due to other FF/Latch trimming, FF/Latch <a1/result_10> (without init value) has a constant value of 1 in block <elbertNotGate>. This FF/Latch will be trimmed during the optimization process.
WARNING:Xst:1895 - Due to other FF/Latch trimming, FF/Latch <a1/result_11> (without init value) has a constant value of 1 in block <elbertNotGate>. This FF/Latch will be trimmed during the optimization process.
WARNING:Xst:1895 - Due to other FF/Latch trimming, FF/Latch <a1/result_12> (without init value) has a constant value of 1 in block <elbertNotGate>. This FF/Latch will be trimmed during the optimization process.
WARNING:Xst:1895 - Due to other FF/Latch trimming, FF/Latch <a1/result_13> (without init value) has a constant value of 1 in block <elbertNotGate>. This FF/Latch will be trimmed during the optimization process.
WARNING:Xst:1895 - Due to other FF/Latch trimming, FF/Latch <a1/result_14> (without init value) has a constant value of 1 in block <elbertNotGate>. This FF/Latch will be trimmed during the optimization process.
WARNING:Xst:1895 - Due to other FF/Latch trimming, FF/Latch <a1/result_15> (without init value) has a constant value of 1 in block <elbertNotGate>. This FF/Latch will be trimmed during the optimization process.
WARNING:Xst:1895 - Due to other FF/Latch trimming, FF/Latch <a1/result_16> (without init value) has a constant value of 1 in block <elbertNotGate>. This FF/Latch will be trimmed during the optimization process.
WARNING:Xst:1895 - Due to other FF/Latch trimming, FF/Latch <a1/result_17> (without init value) has a constant value of 1 in block <elbertNotGate>. This FF/Latch will be trimmed during the optimization process.
WARNING:Xst:1895 - Due to other FF/Latch trimming, FF/Latch <a1/result_18> (without init value) has a constant value of 1 in block <elbertNotGate>. This FF/Latch will be trimmed during the optimization process.
WARNING:Xst:1895 - Due to other FF/Latch trimming, FF/Latch <a1/result_19> (without init value) has a constant value of 1 in block <elbertNotGate>. This FF/Latch will be trimmed during the optimization process.
INFO:Xst:2261 - The FF/Latch <B> in Unit <elbertNotGate> is equivalent to the following FF/Latch, which will be removed : <c_3> 
INFO:Xst:2261 - The FF/Latch <b1/mult0_result1_27> in Unit <elbertNotGate> is equivalent to the following 6 FFs/Latches, which will be removed : <b1/mult0_result1_26> <b1/mult0_result1_25> <b1/mult0_result1_24> <b1/mult0_result1_23> <b1/mult0_result1_22> <b1/mult0_result1_21> 

Optimizing unit <elbertNotGate> ...

Mapping all equations...
Building and optimizing final netlist ...
Found area constraint ratio of 100 (+ 5) on block elbertNotGate, actual ratio is 2.

Final Macro Processing ...

=========================================================================
Final Register Report

Macro Statistics
# Registers                                            : 27
 Flip-Flops                                            : 27

=========================================================================

=========================================================================
*                           Partition Report                            *
=========================================================================

Partition Implementation Status
-------------------------------

  No Partitions were found in this design.

-------------------------------

=========================================================================
*                            Final Report                               *
=========================================================================
Final Results
RTL Top Level Output File Name     : elbertNotGate.ngr
Top Level Output File Name         : elbertNotGate
Output Format                      : NGC
Optimization Goal                  : Speed
Keep Hierarchy                     : No

Design Statistics
# IOs                              : 82

Cell Usage :
# BELS                             : 6
#      GND                         : 1
#      INV                         : 1
#      LUT2                        : 1
#      LUT3                        : 1
#      LUT4                        : 1
#      VCC                         : 1
# FlipFlops/Latches                : 27
#      FD                          : 25
#      FDR                         : 2
# Clock Buffers                    : 1
#      BUFGP                       : 1
# IO Buffers                       : 81
#      OBUF                        : 81
# MULTs                            : 1
#      MULT18X18SIO                : 1
=========================================================================

Device utilization summary:
---------------------------

Selected Device : 3s50atq144-4 

 Number of Slices:                       16  out of    704     2%  
 Number of Slice Flip Flops:             27  out of   1408     1%  
 Number of 4 input LUTs:                  4  out of   1408     0%  
 Number of IOs:                          82
 Number of bonded IOBs:                  82  out of    108    75%  
 Number of MULT18X18SIOs:                 1  out of      3    33%  
 Number of GCLKs:                         1  out of     24     4%  

---------------------------
Partition Resource Summary:
---------------------------

  No Partitions were found in this design.

---------------------------


=========================================================================
TIMING REPORT

NOTE: THESE TIMING NUMBERS ARE ONLY A SYNTHESIS ESTIMATE.
      FOR ACCURATE TIMING INFORMATION PLEASE REFER TO THE TRACE REPORT
      GENERATED AFTER PLACE-and-ROUTE.

Clock Information:
------------------
-----------------------------------+------------------------+-------+
Clock Signal                       | Clock buffer(FF name)  | Load  |
-----------------------------------+------------------------+-------+
A                                  | BUFGP                  | 28    |
-----------------------------------+------------------------+-------+

Asynchronous Control Signals Information:
----------------------------------------
No asynchronous control signals found in this design

Timing Summary:
---------------
Speed Grade: -4

   Minimum period: 3.059ns (Maximum Frequency: 326.904MHz)
   Minimum input arrival time before clock: No path found
   Maximum output required time after clock: 6.044ns
   Maximum combinational path delay: No path found

Timing Detail:
--------------
All values displayed in nanoseconds (ns)

=========================================================================
Timing constraint: Default period analysis for Clock 'A'
  Clock period: 3.059ns (frequency: 326.904MHz)
  Total number of paths / destination ports: 33 / 27
-------------------------------------------------------------------------
Delay:               3.059ns (Levels of Logic = 1)
  Source:            B (FF)
  Destination:       E_0 (FF)
  Source Clock:      A rising
  Destination Clock: A rising

  Data Path: B to E_0
                                Gate     Net
    Cell:in->out      fanout   Delay   Delay  Logical Name (Net Name)
    ----------------------------------------  ------------
     FD:C->Q               3   0.591   0.531  B (B_OBUF)
     INV:I->O              1   0.648   0.420  c<3>_inv1_INV_0 (c<3>_inv)
     FDR:R                     0.869          E_0
    ----------------------------------------
    Total                      3.059ns (2.108ns logic, 0.951ns route)
                                       (68.9% logic, 31.1% route)

=========================================================================
Timing constraint: Default OFFSET OUT AFTER for Clock 'A'
  Total number of paths / destination ports: 36 / 36
-------------------------------------------------------------------------
Offset:              6.044ns (Levels of Logic = 1)
  Source:            b1/mult0_result1_27 (FF)
  Destination:       result2int<15> (PAD)
  Source Clock:      A rising

  Data Path: b1/mult0_result1_27 to result2int<15>
                                Gate     Net
    Cell:in->out      fanout   Delay   Delay  Logical Name (Net Name)
    ----------------------------------------  ------------
     FD:C->Q              11   0.591   0.933  b1/mult0_result1_27 (b1/mult0_result1_27)
     OBUF:I->O                 4.520          result2int_15_OBUF (result2int<15>)
    ----------------------------------------
    Total                      6.044ns (5.111ns logic, 0.933ns route)
                                       (84.6% logic, 15.4% route)

=========================================================================


Total REAL time to Xst completion: 5.00 secs
Total CPU time to Xst completion: 5.39 secs
 
--> 

Total memory usage is 263200 kilobytes

Number of errors   :    0 (   0 filtered)
Number of warnings :   63 (   0 filtered)
Number of infos    :    9 (   0 filtered)

